#
# There is insufficient memory for the Java Runtime Environment to continue.
# Native memory allocation (mmap) failed to map 132120576 bytes for G1 virtual space
# Possible reasons:
#   The system is out of physical RAM or swap space
#   The process is running with CompressedOops enabled, and the Java Heap may be blocking the growth of the native heap
# Possible solutions:
#   Reduce memory load on the system
#   Increase physical memory or swap space
#   Check if swap backing store is full
#   Decrease Java heap size (-Xmx/-Xms)
#   Decrease number of Java threads
#   Decrease Java thread stack sizes (-Xss)
#   Set larger code cache with -XX:ReservedCodeCacheSize=
#   JVM is running with Unscaled Compressed Oops mode in which the Java heap is
#     placed in the first 4GB address space. The Java Heap base address is the
#     maximum limit for the native heap growth. Please use -XX:HeapBaseMinAddress
#     to set the Java Heap base and to place the Java Heap above 4GB virtual address.
# This output file may be truncated or incomplete.
#
#  Out of Memory Error (os_windows.cpp:3825), pid=14648, tid=8296
#
# JRE version:  (17.0.10) (build )
# Java VM: OpenJDK 64-Bit Server VM (17.0.10+0--11572160, mixed mode, sharing, tiered, compressed oops, compressed class ptrs, g1 gc, windows-amd64)
# No core dump will be written. Minidumps are not enabled by default on client versions of Windows
#

---------------  S U M M A R Y ------------

Command Line: git4idea.http.GitAskPassApp Username for 'https://github.com': 

Host: 11th Gen Intel(R) Core(TM) i5-11300H @ 3.10GHz, 8 cores, 7G,  Windows 11 , 64 bit Build 22621 (10.0.22621.3958)
Time: Wed Oct  2 22:57:39 2024 India Standard Time elapsed time: 0.018420 seconds (0d 0h 0m 0s)

---------------  T H R E A D  ---------------

Current thread (0x000001d63710a180):  JavaThread "Unknown thread" [_thread_in_vm, id=8296, stack(0x000000829f600000,0x000000829f700000)]

Stack: [0x000000829f600000,0x000000829f700000]
Native frames: (J=compiled Java code, j=interpreted, Vv=VM code, C=native code)
V  [jvm.dll+0x688e89]
V  [jvm.dll+0x84247a]
V  [jvm.dll+0x8440be]
V  [jvm.dll+0x844723]
V  [jvm.dll+0x24be0f]
V  [jvm.dll+0x685c59]
V  [jvm.dll+0x67a50a]
V  [jvm.dll+0x30cbab]
V  [jvm.dll+0x314056]
V  [jvm.dll+0x363dce]
V  [jvm.dll+0x363fff]
V  [jvm.dll+0x2e2978]
V  [jvm.dll+0x2e38e4]
V  [jvm.dll+0x813011]
V  [jvm.dll+0x371c81]
V  [jvm.dll+0x7f1b66]
V  [jvm.dll+0x3f58df]
V  [jvm.dll+0x3f7511]
C  [jli.dll+0x528f]
C  [ucrtbase.dll+0x29333]
C  [KERNEL32.DLL+0x1257d]
C  [ntdll.dll+0x5af28]


---------------  P R O C E S S  ---------------

Threads class SMR info:
_java_thread_list=0x00007ffae2deef58, length=0, elements={
}

Java Threads: ( => current thread )

Other Threads:
  0x000001d637164960 GCTaskThread "GC Thread#0" [stack: 0x000000829f700000,0x000000829f800000] [id=1928]
  0x000001d6371751f0 ConcurrentGCThread "G1 Main Marker" [stack: 0x000000829f800000,0x000000829f900000] [id=5748]
  0x000001d637175c10 ConcurrentGCThread "G1 Conc#0" [stack: 0x000000829f900000,0x000000829fa00000] [id=5312]

[error occurred during error reporting (printing all threads), id 0xc0000005, EXCEPTION_ACCESS_VIOLATION (0xc0000005) at pc=0x00007ffae25a3547]

VM state: not at safepoint (not fully initialized)

VM Mutex/Monitor currently owned by a thread:  ([mutex/lock_event])
[0x000001d6371050e0] Heap_lock - owner thread: 0x000001d63710a180

Heap address: 0x0000000083600000, size: 1994 MB, Compressed Oops mode: 32-bit

CDS archive(s) mapped at: [0x0000000000000000-0x0000000000000000-0x0000000000000000), size 0, SharedBaseAddress: 0x0000000800000000, ArchiveRelocationMode: 1.
Narrow klass base: 0x0000000000000000, Narrow klass shift: 0, Narrow klass range: 0x0

GC Precious Log:
<Empty>

Heap:
 garbage-first heap   total 0K, used 0K [0x0000000083600000, 0x0000000100000000)
  region size 1024K, 0 young (0K), 0 survivors (0K)
 Metaspace       used 0K, committed 0K, reserved 0K
  class space    used 0K, committed 0K, reserved 0K

Heap Regions: E=young(eden), S=young(survivor), O=old, HS=humongous(starts), HC=humongous(continues), CS=collection set, F=free, OA=open archive, CA=closed archive, TAMS=top-at-mark-start (previous, next)

Card table byte_map: [0x000001d649d00000,0x000001d64a0f0000] _byte_map_base: 0x000001d6498e5000

Marking Bits (Prev, Next): (CMBitMap*) 0x000001d637164f80, (CMBitMap*) 0x000001d637164fc0
 Prev Bits: [0x000001d64a4e0000, 0x000001d64c408000)
 Next Bits: [0x000001d64c410000, 0x000001d64e338000)

GC Heap History (0 events):
No events

Dll operation events (1 events):
Event: 0.011 Loaded shared library C:\Program Files\Android\Android Studio\jbr\bin\java.dll

Deoptimization events (0 events):
No events

Classes unloaded (0 events):
No events

Classes redefined (0 events):
No events

Internal exceptions (0 events):
No events

VM Operations (0 events):
No events

Events (0 events):
No events


Dynamic libraries:
0x00007ff6443d0000 - 0x00007ff6443da000 	C:\Program Files\Android\Android Studio\jbr\bin\java.exe
0x00007ffb531d0000 - 0x00007ffb533e7000 	C:\WINDOWS\SYSTEM32\ntdll.dll
0x00007ffb52460000 - 0x00007ffb52524000 	C:\WINDOWS\System32\KERNEL32.DLL
0x00007ffb506d0000 - 0x00007ffb50a7d000 	C:\WINDOWS\System32\KERNELBASE.dll
0x00007ffb50c40000 - 0x00007ffb50d51000 	C:\WINDOWS\System32\ucrtbase.dll
0x00007ffb4b5d0000 - 0x00007ffb4b5eb000 	C:\Program Files\Android\Android Studio\jbr\bin\VCRUNTIME140.dll
0x00007ffb0fea0000 - 0x00007ffb0feb7000 	C:\Program Files\Android\Android Studio\jbr\bin\jli.dll
0x00007ffb51780000 - 0x00007ffb5192e000 	C:\WINDOWS\System32\USER32.dll
0x00007ffb50ed0000 - 0x00007ffb50ef6000 	C:\WINDOWS\System32\win32u.dll
0x00007ffb3dc40000 - 0x00007ffb3ded3000 	C:\WINDOWS\WinSxS\amd64_microsoft.windows.common-controls_6595b64144ccf1df_6.0.22621.3672_none_2713b9d173822955\COMCTL32.dll
0x00007ffb52e40000 - 0x00007ffb52e69000 	C:\WINDOWS\System32\GDI32.dll
0x00007ffb52ad0000 - 0x00007ffb52b77000 	C:\WINDOWS\System32\msvcrt.dll
0x00007ffb50a80000 - 0x00007ffb50b99000 	C:\WINDOWS\System32\gdi32full.dll
0x00007ffb50ba0000 - 0x00007ffb50c3a000 	C:\WINDOWS\System32\msvcp_win.dll
0x00007ffb52a90000 - 0x00007ffb52ac1000 	C:\WINDOWS\System32\IMM32.DLL
0x00007ffb4d050000 - 0x00007ffb4d05c000 	C:\Program Files\Android\Android Studio\jbr\bin\vcruntime140_1.dll
0x00007ffb07bb0000 - 0x00007ffb07c3d000 	C:\Program Files\Android\Android Studio\jbr\bin\msvcp140.dll
0x00007ffae22b0000 - 0x00007ffae2f33000 	C:\Program Files\Android\Android Studio\jbr\bin\server\jvm.dll
0x00007ffb51d90000 - 0x00007ffb51e42000 	C:\WINDOWS\System32\ADVAPI32.dll
0x00007ffb51af0000 - 0x00007ffb51b99000 	C:\WINDOWS\System32\sechost.dll
0x00007ffb506a0000 - 0x00007ffb506c8000 	C:\WINDOWS\System32\bcrypt.dll
0x00007ffb52d20000 - 0x00007ffb52e34000 	C:\WINDOWS\System32\RPCRT4.dll
0x00007ffb46b30000 - 0x00007ffb46b64000 	C:\WINDOWS\SYSTEM32\WINMM.dll
0x00007ffb4fda0000 - 0x00007ffb4fded000 	C:\WINDOWS\SYSTEM32\POWRPROF.dll
0x00007ffb31dc0000 - 0x00007ffb31dc9000 	C:\WINDOWS\SYSTEM32\WSOCK32.dll
0x00007ffb51ea0000 - 0x00007ffb51f11000 	C:\WINDOWS\System32\WS2_32.dll
0x00007ffb459a0000 - 0x00007ffb459aa000 	C:\WINDOWS\SYSTEM32\VERSION.dll
0x00007ffb4fd80000 - 0x00007ffb4fd93000 	C:\WINDOWS\SYSTEM32\UMPDC.dll
0x00007ffb4f500000 - 0x00007ffb4f518000 	C:\WINDOWS\SYSTEM32\kernel.appcore.dll
0x00007ffb31db0000 - 0x00007ffb31dba000 	C:\Program Files\Android\Android Studio\jbr\bin\jimage.dll
0x00007ffb4d7a0000 - 0x00007ffb4d9d2000 	C:\WINDOWS\SYSTEM32\DBGHELP.DLL
0x00007ffb51f20000 - 0x00007ffb522ae000 	C:\WINDOWS\System32\combase.dll
0x00007ffb52c30000 - 0x00007ffb52d07000 	C:\WINDOWS\System32\OLEAUT32.dll
0x00007ffb2c530000 - 0x00007ffb2c562000 	C:\WINDOWS\SYSTEM32\dbgcore.DLL
0x00007ffb504f0000 - 0x00007ffb5056b000 	C:\WINDOWS\System32\bcryptPrimitives.dll
0x00007ffb13070000 - 0x00007ffb13095000 	C:\Program Files\Android\Android Studio\jbr\bin\java.dll

dbghelp: loaded successfully - version: 4.0.5 - missing functions: none
symbol engine: initialized successfully - sym options: 0x614 - pdb path: .;C:\Program Files\Android\Android Studio\jbr\bin;C:\WINDOWS\SYSTEM32;C:\WINDOWS\WinSxS\amd64_microsoft.windows.common-controls_6595b64144ccf1df_6.0.22621.3672_none_2713b9d173822955;C:\Program Files\Android\Android Studio\jbr\bin\server

VM Arguments:
java_command: git4idea.http.GitAskPassApp Username for 'https://github.com': 
java_class_path (initial): C:/Program Files/Android/Android Studio/plugins/vcs-git/lib/git4idea-rt.jar;C:/Program Files/Android/Android Studio/lib/externalProcess-rt.jar
Launcher Type: SUN_STANDARD

[Global flags]
     intx CICompilerCount                          = 4                                         {product} {ergonomic}
     uint ConcGCThreads                            = 2                                         {product} {ergonomic}
     uint G1ConcRefinementThreads                  = 8                                         {product} {ergonomic}
   size_t G1HeapRegionSize                         = 1048576                                   {product} {ergonomic}
    uintx GCDrainStackTargetSize                   = 64                                        {product} {ergonomic}
   size_t InitialHeapSize                          = 132120576                                 {product} {ergonomic}
   size_t MarkStackSize                            = 4194304                                   {product} {ergonomic}
   size_t MaxHeapSize                              = 2090860544                                {product} {ergonomic}
   size_t MinHeapDeltaBytes                        = 1048576                                   {product} {ergonomic}
   size_t MinHeapSize                              = 8388608                                   {product} {ergonomic}
    uintx NonNMethodCodeHeapSize                   = 5839372                                {pd product} {ergonomic}
    uintx NonProfiledCodeHeapSize                  = 122909434                              {pd product} {ergonomic}
    uintx ProfiledCodeHeapSize                     = 122909434                              {pd product} {ergonomic}
    uintx ReservedCodeCacheSize                    = 251658240                              {pd product} {ergonomic}
     bool SegmentedCodeCache                       = true                                      {product} {ergonomic}
   size_t SoftMaxHeapSize                          = 2090860544                             {manageable} {ergonomic}
     bool UseCompressedClassPointers               = true                           {product lp64_product} {ergonomic}
     bool UseCompressedOops                        = true                           {product lp64_product} {ergonomic}
     bool UseG1GC                                  = true                                      {product} {ergonomic}
     bool UseLargePagesIndividualAllocation        = false                                  {pd product} {ergonomic}

Logging:
Log output configuration:
 #0: stdout all=warning uptime,level,tags
 #1: stderr all=off uptime,level,tags

Environment Variables:
PATH=C:/Program Files/Git/mingw64/libexec/git-core;C:/Program Files/Git/mingw64/libexec/git-core;C:\Program Files\Git\mingw64\bin;C:\Program Files\Git\usr\bin;C:\Users\harsh\bin;C:\Program Files\Java\jdk-21\bin;C:\Program Files\Git\cmd;C:\Program Files\Java\jdk-21\bin;C:\Users\harsh\AppData\Local\Programs\Microsoft VS Code\bin
USERNAME=harsh
DISPLAY=:0.0
LC_ALL=en_US.UTF-8
TERM=xterm-256color
TMPDIR=C:\Users\harsh\AppData\Local\Temp
OS=Windows_NT
PROCESSOR_IDENTIFIER=Intel64 Family 6 Model 140 Stepping 1, GenuineIntel
TMP=C:\Users\harsh\AppData\Local\Temp
TEMP=C:\Users\harsh\AppData\Local\Temp



Periodic native trim disabled

JNI global refs:
JNI global refs: 0, weak refs: 0

JNI global refs memory usage: 0, weak refs: 0

OOME stack traces (most recent first):
Classloader memory used:


---------------  S Y S T E M  ---------------

OS:
 Windows 11 , 64 bit Build 22621 (10.0.22621.3958)
OS uptime: 5 days 2:07 hours
Hyper-V role detected

CPU: total 8 (initial active 8) (4 cores per cpu, 2 threads per core) family 6 model 140 stepping 1 microcode 0x86, cx8, cmov, fxsr, ht, mmx, 3dnowpref, sse, sse2, sse3, ssse3, sse4.1, sse4.2, popcnt, lzcnt, tsc, tscinvbit, avx, avx2, aes, erms, clmul, bmi1, bmi2, adx, avx512f, avx512dq, avx512cd, avx512bw, avx512vl, sha, fma, vzeroupper, avx512_vpopcntdq, avx512_vpclmulqdq, avx512_vaes, avx512_vnni, clflush, clflushopt, clwb, avx512_vbmi2, avx512_vbmi, hv
Processor Information for processor 0
  Max Mhz: 3110, Current Mhz: 1003, Mhz Limit: 3110
Processor Information for processor 1
  Max Mhz: 3110, Current Mhz: 1003, Mhz Limit: 3110
Processor Information for processor 2
  Max Mhz: 3110, Current Mhz: 1003, Mhz Limit: 3110
Processor Information for processor 3
  Max Mhz: 3110, Current Mhz: 3110, Mhz Limit: 3110
Processor Information for processor 4
  Max Mhz: 3110, Current Mhz: 3110, Mhz Limit: 3110
Processor Information for processor 5
  Max Mhz: 3110, Current Mhz: 3110, Mhz Limit: 3110
Processor Information for processor 6
  Max Mhz: 3110, Current Mhz: 3110, Mhz Limit: 3110
Processor Information for processor 7
  Max Mhz: 3110, Current Mhz: 1003, Mhz Limit: 3110

Memory: 4k page, system-wide physical 7975M (1734M free)
TotalPageFile size 18083M (AvailPageFile size 76M)
current process WorkingSet (physical memory assigned to process): 11M, peak: 11M
current process commit charge ("private bytes"): 60M, peak: 186M

vm_info: OpenJDK 64-Bit Server VM (17.0.10+0--11572160) for windows-amd64 JRE (17.0.10+0--11572160), built on Mar 13 2024 23:56:38 by "androidbuild" with MS VC++ 16.10 / 16.11 (VS2019)

END.
